2024-10-31T19:21:30.459Z: [ 'Starting test server...' ]
2024-10-31T19:21:30.461Z: [ '\n=== Starting FACEIT Client Authentication Test ===' ]
2024-10-31T19:21:30.462Z: [ '\nFetching recent match...' ]
2024-10-31T19:21:31.039Z: [
  'Match details:',
  {
    id: '1-d16be12c-ce8b-4d2c-ba28-7c9e11eb50a4',
    status: 'READY',
    chatRoom: 'match-1-d16be12c-ce8b-4d2c-ba28-7c9e11eb50a4'
  }
]
2024-10-31T19:21:31.040Z: [ '\nTesting Client API...' ]
2024-10-31T19:21:31.041Z: [ '\nTesting WebSocket connection...' ]
2024-10-31T19:21:31.043Z: [ '\nTesting client token...' ]
2024-10-31T19:21:31.496Z: [ 'Retrying... (3 attempts remaining)' ]
2024-10-31T19:21:31.512Z: [ 'Retrying... (3 attempts remaining)' ]
2024-10-31T19:21:31.542Z: [ 'WebSocket closed, attempting to reconnect...' ]
2024-10-31T19:21:32.726Z: [ 'Retrying... (2 attempts remaining)' ]
2024-10-31T19:21:32.785Z: [ 'Retrying... (2 attempts remaining)' ]
2024-10-31T19:21:34.958Z: [ 'Retrying... (1 attempts remaining)' ]
2024-10-31T19:21:35.021Z: [ 'Retrying... (1 attempts remaining)' ]
2024-10-31T19:21:37.010Z: [ 'WebSocket closed, attempting to reconnect...' ]
2024-10-31T19:21:39.281Z: [ '\nTest Results:' ]
2024-10-31T19:21:39.282Z: [ 'Client API: ✓ Success' ]
2024-10-31T19:21:39.282Z: [ 'WebSocket: ✓ Success' ]
2024-10-31T19:21:39.282Z: [ 'Client Token: ✓ Success' ]
2024-10-31T19:21:42.477Z: [ 'WebSocket closed, attempting to reconnect...' ]
2024-10-31T19:21:47.936Z: [ 'WebSocket closed, attempting to reconnect...' ]
2024-10-31T19:21:53.407Z: [ 'WebSocket closed, attempting to reconnect...' ]
2024-10-31T19:21:59.147Z: [ 'WebSocket closed, attempting to reconnect...' ]
2024-10-31T19:22:04.658Z: [ 'WebSocket closed, attempting to reconnect...' ]
2024-10-31T19:22:10.142Z: [ 'WebSocket closed, attempting to reconnect...' ]
2024-10-31T19:22:15.404Z: [ 'WebSocket closed, attempting to reconnect...' ]
2024-10-31T19:22:20.863Z: [ 'WebSocket closed, attempting to reconnect...' ]
2024-10-31T19:22:26.120Z: [ 'WebSocket closed, attempting to reconnect...' ]
2024-10-31T19:22:31.593Z: [ 'WebSocket closed, attempting to reconnect...' ]
2024-10-31T19:22:37.073Z: [ 'WebSocket closed, attempting to reconnect...' ]
2024-10-31T19:22:42.550Z: [ 'WebSocket closed, attempting to reconnect...' ]
2024-10-31T19:22:48.020Z: [ 'WebSocket closed, attempting to reconnect...' ]
2024-10-31T19:22:53.485Z: [ 'WebSocket closed, attempting to reconnect...' ]
2024-10-31T19:22:58.960Z: [ 'WebSocket closed, attempting to reconnect...' ]
2024-10-31T19:23:04.438Z: [ 'WebSocket closed, attempting to reconnect...' ]
2024-10-31T19:23:09.886Z: [ 'WebSocket closed, attempting to reconnect...' ]
2024-10-31T19:23:15.609Z: [ 'WebSocket closed, attempting to reconnect...' ]
2024-10-31T19:23:21.093Z: [ 'WebSocket closed, attempting to reconnect...' ]
2024-10-31T19:23:26.375Z: [ 'WebSocket closed, attempting to reconnect...' ]
2024-10-31T19:23:31.842Z: [ 'WebSocket closed, attempting to reconnect...' ]
2024-10-31T19:23:37.107Z: [ 'WebSocket closed, attempting to reconnect...' ]
2024-10-31T19:23:42.579Z: [ 'WebSocket closed, attempting to reconnect...' ]
2024-10-31T19:23:48.024Z: [ 'WebSocket closed, attempting to reconnect...' ]
2024-10-31T19:23:53.498Z: [ 'WebSocket closed, attempting to reconnect...' ]
2024-10-31T19:23:58.962Z: [ 'WebSocket closed, attempting to reconnect...' ]
2024-10-31T19:24:04.464Z: [ 'WebSocket closed, attempting to reconnect...' ]
2024-10-31T19:24:09.911Z: [ 'WebSocket closed, attempting to reconnect...' ]
2024-10-31T19:24:15.390Z: [ 'WebSocket closed, attempting to reconnect...' ]
2024-10-31T19:24:20.919Z: [ 'WebSocket closed, attempting to reconnect...' ]
2024-10-31T19:24:26.376Z: [ 'WebSocket closed, attempting to reconnect...' ]
2024-10-31T19:24:31.850Z: [ 'WebSocket closed, attempting to reconnect...' ]
2024-10-31T19:24:37.316Z: [ 'WebSocket closed, attempting to reconnect...' ]
2024-10-31T19:24:42.793Z: [ 'WebSocket closed, attempting to reconnect...' ]
2024-10-31T19:24:48.298Z: [ 'WebSocket closed, attempting to reconnect...' ]
2024-10-31T19:24:54.043Z: [ 'WebSocket closed, attempting to reconnect...' ]
2024-10-31T19:24:59.500Z: [ 'WebSocket closed, attempting to reconnect...' ]
2024-10-31T19:25:04.784Z: [ 'WebSocket closed, attempting to reconnect...' ]
2024-10-31T19:25:10.540Z: [ 'WebSocket closed, attempting to reconnect...' ]
2024-10-31T19:25:16.009Z: [ 'WebSocket closed, attempting to reconnect...' ]
2024-10-31T19:25:21.274Z: [ 'WebSocket closed, attempting to reconnect...' ]
2024-10-31T19:25:26.765Z: [ 'WebSocket closed, attempting to reconnect...' ]
2024-10-31T19:25:32.289Z: [ 'WebSocket closed, attempting to reconnect...' ]
2024-10-31T19:25:37.776Z: [ 'WebSocket closed, attempting to reconnect...' ]
2024-10-31T19:25:43.252Z: [ 'WebSocket closed, attempting to reconnect...' ]
2024-10-31T19:25:48.713Z: [ 'WebSocket closed, attempting to reconnect...' ]
2024-10-31T19:25:54.189Z: [ 'WebSocket closed, attempting to reconnect...' ]
2024-10-31T19:25:59.662Z: [ 'WebSocket closed, attempting to reconnect...' ]
2024-10-31T19:26:05.240Z: [ 'WebSocket closed, attempting to reconnect...' ]
2024-10-31T19:26:10.745Z: [ 'WebSocket closed, attempting to reconnect...' ]
2024-10-31T19:26:16.207Z: [ 'WebSocket closed, attempting to reconnect...' ]
2024-10-31T19:26:21.684Z: [ 'WebSocket closed, attempting to reconnect...' ]
2024-10-31T19:26:27.162Z: [ 'WebSocket closed, attempting to reconnect...' ]
2024-10-31T19:26:32.644Z: [ 'WebSocket closed, attempting to reconnect...' ]
2024-10-31T19:26:38.120Z: [ 'WebSocket closed, attempting to reconnect...' ]
2024-10-31T19:26:43.588Z: [ 'WebSocket closed, attempting to reconnect...' ]
2024-10-31T19:26:48.847Z: [ 'WebSocket closed, attempting to reconnect...' ]
2024-10-31T19:26:54.330Z: [ 'WebSocket closed, attempting to reconnect...' ]
2024-10-31T19:26:59.792Z: [ 'WebSocket closed, attempting to reconnect...' ]
2024-10-31T19:27:05.263Z: [ 'WebSocket closed, attempting to reconnect...' ]
2024-10-31T19:27:10.540Z: [ 'WebSocket closed, attempting to reconnect...' ]
2024-10-31T19:27:15.810Z: [ 'WebSocket closed, attempting to reconnect...' ]
2024-10-31T19:27:21.276Z: [ 'WebSocket closed, attempting to reconnect...' ]
2024-10-31T19:27:26.764Z: [ 'WebSocket closed, attempting to reconnect...' ]
2024-10-31T19:27:32.055Z: [ 'WebSocket closed, attempting to reconnect...' ]
2024-10-31T19:27:37.511Z: [ 'WebSocket closed, attempting to reconnect...' ]
2024-10-31T19:27:43.014Z: [ 'WebSocket closed, attempting to reconnect...' ]
2024-10-31T19:27:48.471Z: [ 'WebSocket closed, attempting to reconnect...' ]
2024-10-31T19:27:53.944Z: [ 'WebSocket closed, attempting to reconnect...' ]
2024-10-31T19:27:59.424Z: [ 'WebSocket closed, attempting to reconnect...' ]
2024-10-31T19:28:04.960Z: [ 'WebSocket closed, attempting to reconnect...' ]
2024-10-31T19:28:10.671Z: [ 'WebSocket closed, attempting to reconnect...' ]
2024-10-31T19:28:16.125Z: [ 'WebSocket closed, attempting to reconnect...' ]
2024-10-31T19:28:21.604Z: [ 'WebSocket closed, attempting to reconnect...' ]
2024-10-31T19:28:26.885Z: [ 'WebSocket closed, attempting to reconnect...' ]
2024-10-31T19:28:32.168Z: [ 'WebSocket closed, attempting to reconnect...' ]
2024-10-31T19:28:37.429Z: [ 'WebSocket closed, attempting to reconnect...' ]
2024-10-31T19:28:42.677Z: [ 'WebSocket closed, attempting to reconnect...' ]
2024-10-31T19:28:48.143Z: [ 'WebSocket closed, attempting to reconnect...' ]
2024-10-31T19:28:53.616Z: [ 'WebSocket closed, attempting to reconnect...' ]
2024-10-31T19:28:59.067Z: [ 'WebSocket closed, attempting to reconnect...' ]
2024-10-31T19:29:04.611Z: [ 'WebSocket closed, attempting to reconnect...' ]
2024-10-31T19:29:09.882Z: [ 'WebSocket closed, attempting to reconnect...' ]
2024-10-31T19:29:15.357Z: [ 'WebSocket closed, attempting to reconnect...' ]
2024-10-31T19:29:20.812Z: [ 'WebSocket closed, attempting to reconnect...' ]
2024-10-31T19:29:26.084Z: [ 'WebSocket closed, attempting to reconnect...' ]
2024-10-31T19:29:31.383Z: [ 'WebSocket closed, attempting to reconnect...' ]
2024-10-31T19:29:36.862Z: [ 'WebSocket closed, attempting to reconnect...' ]
2024-10-31T19:29:42.407Z: [ 'WebSocket closed, attempting to reconnect...' ]
2024-10-31T19:29:47.706Z: [ 'WebSocket closed, attempting to reconnect...' ]
2024-10-31T19:29:52.968Z: [ 'WebSocket closed, attempting to reconnect...' ]
2024-10-31T19:29:58.240Z: [ 'WebSocket closed, attempting to reconnect...' ]
2024-10-31T19:30:03.967Z: [ 'WebSocket closed, attempting to reconnect...' ]
2024-10-31T19:30:09.502Z: [ 'WebSocket closed, attempting to reconnect...' ]
2024-10-31T19:30:14.992Z: [ 'WebSocket closed, attempting to reconnect...' ]
2024-10-31T19:30:20.275Z: [ 'WebSocket closed, attempting to reconnect...' ]
2024-10-31T19:30:25.540Z: [ 'WebSocket closed, attempting to reconnect...' ]
2024-10-31T19:30:31.048Z: [ 'WebSocket closed, attempting to reconnect...' ]
2024-10-31T19:30:36.315Z: [ 'WebSocket closed, attempting to reconnect...' ]
2024-10-31T19:30:41.577Z: [ 'WebSocket closed, attempting to reconnect...' ]
2024-10-31T19:30:47.045Z: [ 'WebSocket closed, attempting to reconnect...' ]
2024-10-31T19:30:52.543Z: [ 'WebSocket closed, attempting to reconnect...' ]
2024-10-31T19:30:57.817Z: [ 'WebSocket closed, attempting to reconnect...' ]
2024-10-31T19:31:03.286Z: [ 'WebSocket closed, attempting to reconnect...' ]
2024-10-31T19:31:08.792Z: [ 'WebSocket closed, attempting to reconnect...' ]
2024-10-31T19:31:14.270Z: [ 'WebSocket closed, attempting to reconnect...' ]
2024-10-31T19:31:19.539Z: [ 'WebSocket closed, attempting to reconnect...' ]
2024-10-31T19:31:25.039Z: [ 'WebSocket closed, attempting to reconnect...' ]
2024-10-31T19:31:30.311Z: [ 'WebSocket closed, attempting to reconnect...' ]
2024-10-31T19:31:35.607Z: [ 'WebSocket closed, attempting to reconnect...' ]
2024-10-31T19:31:41.076Z: [ 'WebSocket closed, attempting to reconnect...' ]
2024-10-31T19:31:46.333Z: [ 'WebSocket closed, attempting to reconnect...' ]
2024-10-31T19:31:51.597Z: [ 'WebSocket closed, attempting to reconnect...' ]
2024-10-31T19:31:57.327Z: [ 'WebSocket closed, attempting to reconnect...' ]
2024-10-31T19:32:03.058Z: [ 'WebSocket closed, attempting to reconnect...' ]
2024-10-31T19:32:08.323Z: [ 'WebSocket closed, attempting to reconnect...' ]
2024-10-31T19:32:13.603Z: [ 'WebSocket closed, attempting to reconnect...' ]
2024-10-31T19:32:19.063Z: [ 'WebSocket closed, attempting to reconnect...' ]
2024-10-31T19:32:24.547Z: [ 'WebSocket closed, attempting to reconnect...' ]
2024-10-31T19:32:30.018Z: [ 'WebSocket closed, attempting to reconnect...' ]
2024-10-31T19:32:35.483Z: [ 'WebSocket closed, attempting to reconnect...' ]
2024-10-31T19:32:40.950Z: [ 'WebSocket closed, attempting to reconnect...' ]
2024-10-31T19:32:46.429Z: [ 'WebSocket closed, attempting to reconnect...' ]
2024-10-31T19:32:51.888Z: [ 'WebSocket closed, attempting to reconnect...' ]
2024-10-31T19:32:57.366Z: [ 'WebSocket closed, attempting to reconnect...' ]
2024-10-31T19:33:02.820Z: [ 'WebSocket closed, attempting to reconnect...' ]
2024-10-31T19:33:08.082Z: [ 'WebSocket closed, attempting to reconnect...' ]
2024-10-31T19:33:13.555Z: [ 'WebSocket closed, attempting to reconnect...' ]
2024-10-31T19:33:19.017Z: [ 'WebSocket closed, attempting to reconnect...' ]
2024-10-31T19:33:24.278Z: [ 'WebSocket closed, attempting to reconnect...' ]
2024-10-31T19:33:29.538Z: [ 'WebSocket closed, attempting to reconnect...' ]
2024-10-31T19:33:35.032Z: [ 'WebSocket closed, attempting to reconnect...' ]
2024-10-31T19:33:40.303Z: [ 'WebSocket closed, attempting to reconnect...' ]
2024-10-31T19:33:45.792Z: [ 'WebSocket closed, attempting to reconnect...' ]
2024-10-31T19:33:51.066Z: [ 'WebSocket closed, attempting to reconnect...' ]
2024-10-31T19:33:56.531Z: [ 'WebSocket closed, attempting to reconnect...' ]
2024-10-31T19:34:02.008Z: [ 'WebSocket closed, attempting to reconnect...' ]
2024-10-31T19:34:07.470Z: [ 'WebSocket closed, attempting to reconnect...' ]
2024-10-31T19:34:12.964Z: [ 'WebSocket closed, attempting to reconnect...' ]
2024-10-31T19:34:18.434Z: [ 'WebSocket closed, attempting to reconnect...' ]
2024-10-31T19:34:23.960Z: [ 'WebSocket closed, attempting to reconnect...' ]
2024-10-31T19:34:29.423Z: [ 'WebSocket closed, attempting to reconnect...' ]
2024-10-31T19:34:34.681Z: [ 'WebSocket closed, attempting to reconnect...' ]
2024-10-31T19:34:40.221Z: [ 'WebSocket closed, attempting to reconnect...' ]
2024-10-31T19:34:45.691Z: [ 'WebSocket closed, attempting to reconnect...' ]
2024-10-31T19:34:51.172Z: [ 'WebSocket closed, attempting to reconnect...' ]
2024-10-31T19:34:56.661Z: [ 'WebSocket closed, attempting to reconnect...' ]
2024-10-31T19:35:02.117Z: [ 'WebSocket closed, attempting to reconnect...' ]
2024-10-31T19:35:07.660Z: [ 'WebSocket closed, attempting to reconnect...' ]
2024-10-31T19:35:12.945Z: [ 'WebSocket closed, attempting to reconnect...' ]
2024-10-31T19:35:18.434Z: [ 'WebSocket closed, attempting to reconnect...' ]
2024-10-31T19:35:23.892Z: [ 'WebSocket closed, attempting to reconnect...' ]
2024-10-31T19:35:29.406Z: [ 'WebSocket closed, attempting to reconnect...' ]
2024-10-31T19:35:34.878Z: [ 'WebSocket closed, attempting to reconnect...' ]
2024-10-31T19:35:40.143Z: [ 'WebSocket closed, attempting to reconnect...' ]
2024-10-31T19:35:45.612Z: [ 'WebSocket closed, attempting to reconnect...' ]
2024-10-31T19:35:51.131Z: [ 'WebSocket closed, attempting to reconnect...' ]
2024-10-31T19:35:56.399Z: [ 'WebSocket closed, attempting to reconnect...' ]
2024-10-31T19:36:01.910Z: [ 'WebSocket closed, attempting to reconnect...' ]
2024-10-31T19:36:07.455Z: [ 'WebSocket closed, attempting to reconnect...' ]
2024-10-31T19:36:12.928Z: [ 'WebSocket closed, attempting to reconnect...' ]
2024-10-31T19:36:18.408Z: [ 'WebSocket closed, attempting to reconnect...' ]
2024-10-31T19:36:23.888Z: [ 'WebSocket closed, attempting to reconnect...' ]
2024-10-31T19:36:29.351Z: [ 'WebSocket closed, attempting to reconnect...' ]
2024-10-31T19:36:34.795Z: [ 'WebSocket closed, attempting to reconnect...' ]
2024-10-31T19:36:40.291Z: [ 'WebSocket closed, attempting to reconnect...' ]
2024-10-31T19:36:45.553Z: [ 'WebSocket closed, attempting to reconnect...' ]
2024-10-31T19:36:51.020Z: [ 'WebSocket closed, attempting to reconnect...' ]
2024-10-31T19:36:56.289Z: [ 'WebSocket closed, attempting to reconnect...' ]
2024-10-31T19:37:01.759Z: [ 'WebSocket closed, attempting to reconnect...' ]
2024-10-31T19:37:07.025Z: [ 'WebSocket closed, attempting to reconnect...' ]
2024-10-31T19:37:12.499Z: [ 'WebSocket closed, attempting to reconnect...' ]
2024-10-31T19:37:17.964Z: [ 'WebSocket closed, attempting to reconnect...' ]
2024-10-31T19:37:23.467Z: [ 'WebSocket closed, attempting to reconnect...' ]
2024-10-31T19:37:28.939Z: [ 'WebSocket closed, attempting to reconnect...' ]
2024-10-31T19:37:34.428Z: [ 'WebSocket closed, attempting to reconnect...' ]
2024-10-31T19:37:39.685Z: [ 'WebSocket closed, attempting to reconnect...' ]
2024-10-31T19:37:45.184Z: [ 'WebSocket closed, attempting to reconnect...' ]
2024-10-31T19:37:50.453Z: [ 'WebSocket closed, attempting to reconnect...' ]
2024-10-31T19:37:55.979Z: [ 'WebSocket closed, attempting to reconnect...' ]
2024-10-31T19:38:01.271Z: [ 'WebSocket closed, attempting to reconnect...' ]
2024-10-31T19:38:07.015Z: [ 'WebSocket closed, attempting to reconnect...' ]
2024-10-31T19:38:12.525Z: [ 'WebSocket closed, attempting to reconnect...' ]
2024-10-31T19:38:17.983Z: [ 'WebSocket closed, attempting to reconnect...' ]
2024-10-31T19:38:23.454Z: [ 'WebSocket closed, attempting to reconnect...' ]
2024-10-31T19:38:28.908Z: [ 'WebSocket closed, attempting to reconnect...' ]
2024-10-31T19:38:34.366Z: [ 'WebSocket closed, attempting to reconnect...' ]
2024-10-31T19:38:39.838Z: [ 'WebSocket closed, attempting to reconnect...' ]
2024-10-31T19:38:45.305Z: [ 'WebSocket closed, attempting to reconnect...' ]
2024-10-31T19:38:50.779Z: [ 'WebSocket closed, attempting to reconnect...' ]
2024-10-31T19:38:56.257Z: [ 'WebSocket closed, attempting to reconnect...' ]
2024-10-31T19:39:01.532Z: [ 'WebSocket closed, attempting to reconnect...' ]
2024-10-31T19:39:06.825Z: [ 'WebSocket closed, attempting to reconnect...' ]
2024-10-31T19:39:12.097Z: [ 'WebSocket closed, attempting to reconnect...' ]
2024-10-31T19:39:17.353Z: [ 'WebSocket closed, attempting to reconnect...' ]
2024-10-31T19:39:22.842Z: [ 'WebSocket closed, attempting to reconnect...' ]
2024-10-31T19:39:28.319Z: [ 'WebSocket closed, attempting to reconnect...' ]
2024-10-31T19:39:33.798Z: [ 'WebSocket closed, attempting to reconnect...' ]
2024-10-31T19:39:39.295Z: [ 'WebSocket closed, attempting to reconnect...' ]
2024-10-31T19:39:45.018Z: [ 'WebSocket closed, attempting to reconnect...' ]
2024-10-31T19:39:50.488Z: [ 'WebSocket closed, attempting to reconnect...' ]
2024-10-31T19:39:55.751Z: [ 'WebSocket closed, attempting to reconnect...' ]
2024-10-31T19:40:01.214Z: [ 'WebSocket closed, attempting to reconnect...' ]
2024-10-31T19:40:06.677Z: [ 'WebSocket closed, attempting to reconnect...' ]
2024-10-31T19:40:12.152Z: [ 'WebSocket closed, attempting to reconnect...' ]
2024-10-31T19:40:17.434Z: [ 'WebSocket closed, attempting to reconnect...' ]
2024-10-31T19:40:22.893Z: [ 'WebSocket closed, attempting to reconnect...' ]
2024-10-31T19:40:28.176Z: [ 'WebSocket closed, attempting to reconnect...' ]
2024-10-31T19:40:33.459Z: [ 'WebSocket closed, attempting to reconnect...' ]
2024-10-31T19:40:38.724Z: [ 'WebSocket closed, attempting to reconnect...' ]
2024-10-31T19:40:44.207Z: [ 'WebSocket closed, attempting to reconnect...' ]
2024-10-31T19:40:49.662Z: [ 'WebSocket closed, attempting to reconnect...' ]
2024-10-31T19:40:55.138Z: [ 'WebSocket closed, attempting to reconnect...' ]
2024-10-31T19:41:00.598Z: [ 'WebSocket closed, attempting to reconnect...' ]
2024-10-31T19:41:06.152Z: [ 'WebSocket closed, attempting to reconnect...' ]
2024-10-31T19:41:11.613Z: [ 'WebSocket closed, attempting to reconnect...' ]
2024-10-31T19:41:17.091Z: [ 'WebSocket closed, attempting to reconnect...' ]
2024-10-31T19:41:22.351Z: [ 'WebSocket closed, attempting to reconnect...' ]
2024-10-31T19:41:27.855Z: [ 'WebSocket closed, attempting to reconnect...' ]
2024-10-31T19:41:33.323Z: [ 'WebSocket closed, attempting to reconnect...' ]
2024-10-31T19:41:38.616Z: [ 'WebSocket closed, attempting to reconnect...' ]
2024-10-31T19:41:43.894Z: [ 'WebSocket closed, attempting to reconnect...' ]
2024-10-31T19:41:49.378Z: [ 'WebSocket closed, attempting to reconnect...' ]
2024-10-31T19:41:54.861Z: [ 'WebSocket closed, attempting to reconnect...' ]
2024-10-31T19:42:00.598Z: [ 'WebSocket closed, attempting to reconnect...' ]
2024-10-31T19:42:05.885Z: [ 'WebSocket closed, attempting to reconnect...' ]
2024-10-31T19:42:11.373Z: [ 'WebSocket closed, attempting to reconnect...' ]
2024-10-31T19:42:16.841Z: [ 'WebSocket closed, attempting to reconnect...' ]
2024-10-31T19:42:22.101Z: [ 'WebSocket closed, attempting to reconnect...' ]
2024-10-31T19:42:27.588Z: [ 'WebSocket closed, attempting to reconnect...' ]
2024-10-31T19:42:33.057Z: [ 'WebSocket closed, attempting to reconnect...' ]
2024-10-31T19:42:38.809Z: [ 'WebSocket closed, attempting to reconnect...' ]
2024-10-31T19:42:44.526Z: [ 'WebSocket closed, attempting to reconnect...' ]
2024-10-31T19:42:49.794Z: [ 'WebSocket closed, attempting to reconnect...' ]
2024-10-31T19:42:55.518Z: [ 'WebSocket closed, attempting to reconnect...' ]
2024-10-31T19:43:01.029Z: [ 'WebSocket closed, attempting to reconnect...' ]
2024-10-31T19:43:06.540Z: [ 'WebSocket closed, attempting to reconnect...' ]
2024-10-31T19:43:11.868Z: [ 'WebSocket closed, attempting to reconnect...' ]
2024-10-31T19:43:17.340Z: [ 'WebSocket closed, attempting to reconnect...' ]
2024-10-31T19:43:22.654Z: [ 'WebSocket closed, attempting to reconnect...' ]
2024-10-31T19:43:28.426Z: [ 'WebSocket closed, attempting to reconnect...' ]
2024-10-31T19:43:33.692Z: [ 'WebSocket closed, attempting to reconnect...' ]
2024-10-31T19:43:38.953Z: [ 'WebSocket closed, attempting to reconnect...' ]
2024-10-31T19:43:44.209Z: [ 'WebSocket closed, attempting to reconnect...' ]
2024-10-31T19:43:49.511Z: [ 'WebSocket closed, attempting to reconnect...' ]
2024-10-31T19:43:54.781Z: [ 'WebSocket closed, attempting to reconnect...' ]
2024-10-31T19:44:00.039Z: [ 'WebSocket closed, attempting to reconnect...' ]
2024-10-31T19:44:05.301Z: [ 'WebSocket closed, attempting to reconnect...' ]
2024-10-31T19:44:10.832Z: [ 'WebSocket closed, attempting to reconnect...' ]
2024-10-31T19:44:16.312Z: [ 'WebSocket closed, attempting to reconnect...' ]
2024-10-31T19:44:21.787Z: [ 'WebSocket closed, attempting to reconnect...' ]
2024-10-31T19:44:27.253Z: [ 'WebSocket closed, attempting to reconnect...' ]
2024-10-31T19:44:32.528Z: [ 'WebSocket closed, attempting to reconnect...' ]
2024-10-31T19:44:38.013Z: [ 'WebSocket closed, attempting to reconnect...' ]
2024-10-31T19:44:43.273Z: [ 'WebSocket closed, attempting to reconnect...' ]
2024-10-31T19:44:48.727Z: [ 'WebSocket closed, attempting to reconnect...' ]
2024-10-31T19:44:54.434Z: [ 'WebSocket closed, attempting to reconnect...' ]
2024-10-31T19:44:59.744Z: [ 'WebSocket closed, attempting to reconnect...' ]
2024-10-31T19:45:05.235Z: [ 'WebSocket closed, attempting to reconnect...' ]
2024-10-31T19:45:10.709Z: [ 'WebSocket closed, attempting to reconnect...' ]
2024-10-31T19:45:16.178Z: [ 'WebSocket closed, attempting to reconnect...' ]
2024-10-31T19:45:21.647Z: [ 'WebSocket closed, attempting to reconnect...' ]
2024-10-31T19:45:27.382Z: [ 'WebSocket closed, attempting to reconnect...' ]
2024-10-31T19:45:32.854Z: [ 'WebSocket closed, attempting to reconnect...' ]
2024-10-31T19:45:38.363Z: [ 'WebSocket closed, attempting to reconnect...' ]
2024-10-31T19:45:43.627Z: [ 'WebSocket closed, attempting to reconnect...' ]
2024-10-31T19:45:49.124Z: [ 'WebSocket closed, attempting to reconnect...' ]
2024-10-31T19:45:54.406Z: [ 'WebSocket closed, attempting to reconnect...' ]
2024-10-31T19:45:59.678Z: [ 'WebSocket closed, attempting to reconnect...' ]
2024-10-31T19:46:05.160Z: [ 'WebSocket closed, attempting to reconnect...' ]
2024-10-31T19:46:10.636Z: [ 'WebSocket closed, attempting to reconnect...' ]
2024-10-31T19:46:16.386Z: [ 'WebSocket closed, attempting to reconnect...' ]
2024-10-31T19:46:21.659Z: [ 'WebSocket closed, attempting to reconnect...' ]
2024-10-31T19:46:27.395Z: [ 'WebSocket closed, attempting to reconnect...' ]
2024-10-31T19:46:32.681Z: [ 'WebSocket closed, attempting to reconnect...' ]
2024-10-31T19:46:38.418Z: [ 'WebSocket closed, attempting to reconnect...' ]
2024-10-31T19:46:43.908Z: [ 'WebSocket closed, attempting to reconnect...' ]
2024-10-31T19:46:49.404Z: [ 'WebSocket closed, attempting to reconnect...' ]
2024-10-31T19:46:54.658Z: [ 'WebSocket closed, attempting to reconnect...' ]
2024-10-31T19:46:59.924Z: [ 'WebSocket closed, attempting to reconnect...' ]
2024-10-31T19:47:05.180Z: [ 'WebSocket closed, attempting to reconnect...' ]
2024-10-31T19:47:10.652Z: [ 'WebSocket closed, attempting to reconnect...' ]
2024-10-31T19:47:16.113Z: [ 'WebSocket closed, attempting to reconnect...' ]
2024-10-31T19:47:21.571Z: [ 'WebSocket closed, attempting to reconnect...' ]
2024-10-31T19:47:27.056Z: [ 'WebSocket closed, attempting to reconnect...' ]
2024-10-31T19:47:32.523Z: [ 'WebSocket closed, attempting to reconnect...' ]
2024-10-31T19:47:37.810Z: [ 'WebSocket closed, attempting to reconnect...' ]
2024-10-31T19:47:43.093Z: [ 'WebSocket closed, attempting to reconnect...' ]
2024-10-31T19:47:48.565Z: [ 'WebSocket closed, attempting to reconnect...' ]
2024-10-31T19:47:53.820Z: [ 'WebSocket closed, attempting to reconnect...' ]
2024-10-31T19:47:59.075Z: [ 'WebSocket closed, attempting to reconnect...' ]
2024-10-31T19:48:04.537Z: [ 'WebSocket closed, attempting to reconnect...' ]
2024-10-31T19:48:09.809Z: [ 'WebSocket closed, attempting to reconnect...' ]
2024-10-31T19:48:15.103Z: [ 'WebSocket closed, attempting to reconnect...' ]
2024-10-31T19:48:20.580Z: [ 'WebSocket closed, attempting to reconnect...' ]
2024-10-31T19:48:26.056Z: [ 'WebSocket closed, attempting to reconnect...' ]
2024-10-31T19:48:31.361Z: [ 'WebSocket closed, attempting to reconnect...' ]
2024-10-31T19:48:36.848Z: [ 'WebSocket closed, attempting to reconnect...' ]
2024-10-31T19:48:42.123Z: [ 'WebSocket closed, attempting to reconnect...' ]
2024-10-31T19:48:47.593Z: [ 'WebSocket closed, attempting to reconnect...' ]
2024-10-31T19:48:53.112Z: [ 'WebSocket closed, attempting to reconnect...' ]
2024-10-31T19:48:58.655Z: [ 'WebSocket closed, attempting to reconnect...' ]
2024-10-31T19:49:04.177Z: [ 'WebSocket closed, attempting to reconnect...' ]
2024-10-31T19:49:09.429Z: [ 'WebSocket closed, attempting to reconnect...' ]
2024-10-31T19:49:14.930Z: [ 'WebSocket closed, attempting to reconnect...' ]
2024-10-31T19:49:20.419Z: [ 'WebSocket closed, attempting to reconnect...' ]
2024-10-31T19:49:25.901Z: [ 'WebSocket closed, attempting to reconnect...' ]
2024-10-31T19:49:31.617Z: [ 'WebSocket closed, attempting to reconnect...' ]
2024-10-31T19:49:37.132Z: [ 'WebSocket closed, attempting to reconnect...' ]
2024-10-31T19:49:42.417Z: [ 'WebSocket closed, attempting to reconnect...' ]
2024-10-31T19:49:47.878Z: [ 'WebSocket closed, attempting to reconnect...' ]
2024-10-31T19:49:53.341Z: [ 'WebSocket closed, attempting to reconnect...' ]
2024-10-31T19:49:59.077Z: [ 'WebSocket closed, attempting to reconnect...' ]
2024-10-31T19:50:04.571Z: [ 'WebSocket closed, attempting to reconnect...' ]
2024-10-31T19:50:09.847Z: [ 'WebSocket closed, attempting to reconnect...' ]
2024-10-31T19:50:15.122Z: [ 'WebSocket closed, attempting to reconnect...' ]
2024-10-31T19:50:20.608Z: [ 'WebSocket closed, attempting to reconnect...' ]
2024-10-31T19:50:25.871Z: [ 'WebSocket closed, attempting to reconnect...' ]
2024-10-31T19:50:31.334Z: [ 'WebSocket closed, attempting to reconnect...' ]
2024-10-31T19:50:36.595Z: [ 'WebSocket closed, attempting to reconnect...' ]
2024-10-31T19:50:42.067Z: [ 'WebSocket closed, attempting to reconnect...' ]
2024-10-31T19:50:47.547Z: [ 'WebSocket closed, attempting to reconnect...' ]
2024-10-31T19:50:53.004Z: [ 'WebSocket closed, attempting to reconnect...' ]
2024-10-31T19:50:58.458Z: [ 'WebSocket closed, attempting to reconnect...' ]
2024-10-31T19:51:03.717Z: [ 'WebSocket closed, attempting to reconnect...' ]
2024-10-31T19:51:09.241Z: [ 'WebSocket closed, attempting to reconnect...' ]
2024-10-31T19:51:15.022Z: [ 'WebSocket closed, attempting to reconnect...' ]
2024-10-31T19:51:20.292Z: [ 'WebSocket closed, attempting to reconnect...' ]
2024-10-31T19:51:26.020Z: [ 'WebSocket closed, attempting to reconnect...' ]
2024-10-31T19:51:31.468Z: [ 'WebSocket closed, attempting to reconnect...' ]
2024-10-31T19:51:36.948Z: [ 'WebSocket closed, attempting to reconnect...' ]
2024-10-31T19:51:42.725Z: [ 'WebSocket closed, attempting to reconnect...' ]
2024-10-31T19:51:48.200Z: [ 'WebSocket closed, attempting to reconnect...' ]
2024-10-31T19:51:53.644Z: [ 'WebSocket closed, attempting to reconnect...' ]
2024-10-31T19:51:58.925Z: [ 'WebSocket closed, attempting to reconnect...' ]
2024-10-31T19:52:04.413Z: [ 'WebSocket closed, attempting to reconnect...' ]
2024-10-31T19:52:09.678Z: [ 'WebSocket closed, attempting to reconnect...' ]
2024-10-31T19:52:14.989Z: [ 'WebSocket closed, attempting to reconnect...' ]
2024-10-31T19:52:20.466Z: [ 'WebSocket closed, attempting to reconnect...' ]
2024-10-31T19:52:25.757Z: [ 'WebSocket closed, attempting to reconnect...' ]
2024-10-31T19:52:31.028Z: [ 'WebSocket closed, attempting to reconnect...' ]
2024-10-31T19:52:36.482Z: [ 'WebSocket closed, attempting to reconnect...' ]
2024-10-31T19:52:41.752Z: [ 'WebSocket closed, attempting to reconnect...' ]
2024-10-31T19:52:47.005Z: [ 'WebSocket closed, attempting to reconnect...' ]
2024-10-31T19:52:52.273Z: [ 'WebSocket closed, attempting to reconnect...' ]
2024-10-31T19:52:57.781Z: [ 'WebSocket closed, attempting to reconnect...' ]
2024-10-31T19:53:03.297Z: [ 'WebSocket closed, attempting to reconnect...' ]
2024-10-31T19:53:08.554Z: [ 'WebSocket closed, attempting to reconnect...' ]
2024-10-31T19:53:14.013Z: [ 'WebSocket closed, attempting to reconnect...' ]
2024-10-31T19:53:19.290Z: [ 'WebSocket closed, attempting to reconnect...' ]
2024-10-31T19:53:24.748Z: [ 'WebSocket closed, attempting to reconnect...' ]
2024-10-31T19:53:30.217Z: [ 'WebSocket closed, attempting to reconnect...' ]
2024-10-31T19:53:35.685Z: [ 'WebSocket closed, attempting to reconnect...' ]
2024-10-31T19:53:41.402Z: [ 'WebSocket closed, attempting to reconnect...' ]
2024-10-31T19:53:46.666Z: [ 'WebSocket closed, attempting to reconnect...' ]
2024-10-31T19:53:51.935Z: [ 'WebSocket closed, attempting to reconnect...' ]
2024-10-31T19:53:57.196Z: [ 'WebSocket closed, attempting to reconnect...' ]
2024-10-31T19:54:02.714Z: [ 'WebSocket closed, attempting to reconnect...' ]
2024-10-31T19:54:08.183Z: [ 'WebSocket closed, attempting to reconnect...' ]
2024-10-31T19:54:13.641Z: [ 'WebSocket closed, attempting to reconnect...' ]
2024-10-31T19:54:18.919Z: [ 'WebSocket closed, attempting to reconnect...' ]
2024-10-31T19:54:24.413Z: [ 'WebSocket closed, attempting to reconnect...' ]
2024-10-31T19:54:29.686Z: [ 'WebSocket closed, attempting to reconnect...' ]
2024-10-31T19:54:35.214Z: [ 'WebSocket closed, attempting to reconnect...' ]
2024-10-31T19:54:40.958Z: [ 'WebSocket closed, attempting to reconnect...' ]
2024-10-31T19:54:46.246Z: [ 'WebSocket closed, attempting to reconnect...' ]
2024-10-31T19:54:51.498Z: [ 'WebSocket closed, attempting to reconnect...' ]
2024-10-31T19:54:57.027Z: [ 'WebSocket closed, attempting to reconnect...' ]
2024-10-31T19:55:02.771Z: [ 'WebSocket closed, attempting to reconnect...' ]
2024-10-31T19:55:08.504Z: [ 'WebSocket closed, attempting to reconnect...' ]
2024-10-31T19:55:13.774Z: [ 'WebSocket closed, attempting to reconnect...' ]
2024-10-31T19:55:19.304Z: [ 'WebSocket closed, attempting to reconnect...' ]
2024-10-31T19:55:24.565Z: [ 'WebSocket closed, attempting to reconnect...' ]
2024-10-31T19:55:29.823Z: [ 'WebSocket closed, attempting to reconnect...' ]
2024-10-31T19:55:35.333Z: [ 'WebSocket closed, attempting to reconnect...' ]
2024-10-31T19:55:40.600Z: [ 'WebSocket closed, attempting to reconnect...' ]
2024-10-31T19:55:45.877Z: [ 'WebSocket closed, attempting to reconnect...' ]
2024-10-31T19:55:51.143Z: [ 'WebSocket closed, attempting to reconnect...' ]
2024-10-31T19:55:56.403Z: [ 'WebSocket closed, attempting to reconnect...' ]
2024-10-31T19:56:01.672Z: [ 'WebSocket closed, attempting to reconnect...' ]
2024-10-31T19:56:07.188Z: [ 'WebSocket closed, attempting to reconnect...' ]
2024-10-31T19:56:12.451Z: [ 'WebSocket closed, attempting to reconnect...' ]
2024-10-31T19:56:17.950Z: [ 'WebSocket closed, attempting to reconnect...' ]
2024-10-31T19:56:23.205Z: [ 'WebSocket closed, attempting to reconnect...' ]
2024-10-31T19:56:28.476Z: [ 'WebSocket closed, attempting to reconnect...' ]
2024-10-31T19:56:33.758Z: [ 'WebSocket closed, attempting to reconnect...' ]
2024-10-31T19:56:39.479Z: [ 'WebSocket closed, attempting to reconnect...' ]
2024-10-31T19:56:44.750Z: [ 'WebSocket closed, attempting to reconnect...' ]
2024-10-31T19:56:50.234Z: [ 'WebSocket closed, attempting to reconnect...' ]
2024-10-31T19:56:55.759Z: [ 'WebSocket closed, attempting to reconnect...' ]
2024-10-31T19:57:01.051Z: [ 'WebSocket closed, attempting to reconnect...' ]
2024-10-31T19:57:06.334Z: [ 'WebSocket closed, attempting to reconnect...' ]
2024-10-31T19:57:11.592Z: [ 'WebSocket closed, attempting to reconnect...' ]
2024-10-31T19:57:16.852Z: [ 'WebSocket closed, attempting to reconnect...' ]
2024-10-31T19:57:22.338Z: [ 'WebSocket closed, attempting to reconnect...' ]
2024-10-31T19:57:27.595Z: [ 'WebSocket closed, attempting to reconnect...' ]
2024-10-31T19:57:33.062Z: [ 'WebSocket closed, attempting to reconnect...' ]
2024-10-31T19:57:38.332Z: [ 'WebSocket closed, attempting to reconnect...' ]
2024-10-31T19:57:43.806Z: [ 'WebSocket closed, attempting to reconnect...' ]
2024-10-31T19:57:49.064Z: [ 'WebSocket closed, attempting to reconnect...' ]
2024-10-31T19:57:54.574Z: [ 'WebSocket closed, attempting to reconnect...' ]
2024-10-31T19:57:59.839Z: [ 'WebSocket closed, attempting to reconnect...' ]
2024-10-31T19:58:05.101Z: [ 'WebSocket closed, attempting to reconnect...' ]
2024-10-31T19:58:10.567Z: [ 'WebSocket closed, attempting to reconnect...' ]
2024-10-31T19:58:16.018Z: [ 'WebSocket closed, attempting to reconnect...' ]
2024-10-31T19:58:21.486Z: [ 'WebSocket closed, attempting to reconnect...' ]
2024-10-31T19:58:26.772Z: [ 'WebSocket closed, attempting to reconnect...' ]
2024-10-31T19:58:32.072Z: [ 'WebSocket closed, attempting to reconnect...' ]
2024-10-31T19:58:37.511Z: [ 'WebSocket closed, attempting to reconnect...' ]
2024-10-31T19:58:42.997Z: [ 'WebSocket closed, attempting to reconnect...' ]
2024-10-31T19:58:48.265Z: [ 'WebSocket closed, attempting to reconnect...' ]
2024-10-31T19:58:53.529Z: [ 'WebSocket closed, attempting to reconnect...' ]
2024-10-31T19:58:59.010Z: [ 'WebSocket closed, attempting to reconnect...' ]
2024-10-31T19:59:04.271Z: [ 'WebSocket closed, attempting to reconnect...' ]
2024-10-31T19:59:09.554Z: [ 'WebSocket closed, attempting to reconnect...' ]
2024-10-31T19:59:15.004Z: [ 'WebSocket closed, attempting to reconnect...' ]
2024-10-31T19:59:20.474Z: [ 'WebSocket closed, attempting to reconnect...' ]
2024-10-31T19:59:25.742Z: [ 'WebSocket closed, attempting to reconnect...' ]
2024-10-31T19:59:31.213Z: [ 'WebSocket closed, attempting to reconnect...' ]
2024-10-31T19:59:36.484Z: [ 'WebSocket closed, attempting to reconnect...' ]
2024-10-31T19:59:41.954Z: [ 'WebSocket closed, attempting to reconnect...' ]
2024-10-31T19:59:47.208Z: [ 'WebSocket closed, attempting to reconnect...' ]
2024-10-31T19:59:52.495Z: [ 'WebSocket closed, attempting to reconnect...' ]
2024-10-31T19:59:57.812Z: [ 'WebSocket closed, attempting to reconnect...' ]
2024-10-31T20:00:03.265Z: [ 'WebSocket closed, attempting to reconnect...' ]
2024-10-31T20:00:08.753Z: [ 'WebSocket closed, attempting to reconnect...' ]
2024-10-31T20:00:14.019Z: [ 'WebSocket closed, attempting to reconnect...' ]
2024-10-31T20:00:19.281Z: [ 'WebSocket closed, attempting to reconnect...' ]
2024-10-31T20:00:24.781Z: [ 'WebSocket closed, attempting to reconnect...' ]
2024-10-31T20:00:30.295Z: [ 'WebSocket closed, attempting to reconnect...' ]
2024-10-31T20:00:35.597Z: [ 'WebSocket closed, attempting to reconnect...' ]
2024-10-31T20:00:40.863Z: [ 'WebSocket closed, attempting to reconnect...' ]
2024-10-31T20:00:46.132Z: [ 'WebSocket closed, attempting to reconnect...' ]
2024-10-31T20:00:51.391Z: [ 'WebSocket closed, attempting to reconnect...' ]
2024-10-31T20:00:56.638Z: [ 'WebSocket closed, attempting to reconnect...' ]
2024-10-31T20:01:02.114Z: [ 'WebSocket closed, attempting to reconnect...' ]
2024-10-31T20:01:07.587Z: [ 'WebSocket closed, attempting to reconnect...' ]
2024-10-31T20:01:13.326Z: [ 'WebSocket closed, attempting to reconnect...' ]
2024-10-31T20:01:18.794Z: [ 'WebSocket closed, attempting to reconnect...' ]
2024-10-31T20:01:24.068Z: [ 'WebSocket closed, attempting to reconnect...' ]
2024-10-31T20:01:29.341Z: [ 'WebSocket closed, attempting to reconnect...' ]
2024-10-31T20:01:34.639Z: [ 'WebSocket closed, attempting to reconnect...' ]
2024-10-31T20:01:40.275Z: [ 'WebSocket closed, attempting to reconnect...' ]
2024-10-31T20:01:45.584Z: [ 'WebSocket closed, attempting to reconnect...' ]
2024-10-31T20:01:50.850Z: [ 'WebSocket closed, attempting to reconnect...' ]
2024-10-31T20:01:56.340Z: [ 'WebSocket closed, attempting to reconnect...' ]
2024-10-31T20:02:02.101Z: [ 'WebSocket closed, attempting to reconnect...' ]
2024-10-31T20:02:07.564Z: [ 'WebSocket closed, attempting to reconnect...' ]
2024-10-31T20:02:12.844Z: [ 'WebSocket closed, attempting to reconnect...' ]
2024-10-31T20:02:18.115Z: [ 'WebSocket closed, attempting to reconnect...' ]
2024-10-31T20:02:23.583Z: [ 'WebSocket closed, attempting to reconnect...' ]
2024-10-31T20:02:29.052Z: [ 'WebSocket closed, attempting to reconnect...' ]
2024-10-31T20:02:34.308Z: [ 'WebSocket closed, attempting to reconnect...' ]
2024-10-31T20:02:39.780Z: [ 'WebSocket closed, attempting to reconnect...' ]
2024-10-31T20:02:45.268Z: [ 'WebSocket closed, attempting to reconnect...' ]
2024-10-31T20:02:50.731Z: [ 'WebSocket closed, attempting to reconnect...' ]
2024-10-31T20:02:55.996Z: [ 'WebSocket closed, attempting to reconnect...' ]
2024-10-31T20:03:01.510Z: [ 'WebSocket closed, attempting to reconnect...' ]
2024-10-31T20:03:06.768Z: [ 'WebSocket closed, attempting to reconnect...' ]
2024-10-31T20:03:12.234Z: [ 'WebSocket closed, attempting to reconnect...' ]
2024-10-31T20:03:17.504Z: [ 'WebSocket closed, attempting to reconnect...' ]
2024-10-31T20:03:22.774Z: [ 'WebSocket closed, attempting to reconnect...' ]
2024-10-31T20:03:28.031Z: [ 'WebSocket closed, attempting to reconnect...' ]
2024-10-31T20:03:33.516Z: [ 'WebSocket closed, attempting to reconnect...' ]
2024-10-31T20:03:39.000Z: [ 'WebSocket closed, attempting to reconnect...' ]
2024-10-31T20:03:44.497Z: [ 'WebSocket closed, attempting to reconnect...' ]
2024-10-31T20:03:50.033Z: [ 'WebSocket closed, attempting to reconnect...' ]
2024-10-31T20:03:55.486Z: [ 'WebSocket closed, attempting to reconnect...' ]
2024-10-31T20:04:00.981Z: [ 'WebSocket closed, attempting to reconnect...' ]
2024-10-31T20:04:06.253Z: [ 'WebSocket closed, attempting to reconnect...' ]
2024-10-31T20:04:11.508Z: [ 'WebSocket closed, attempting to reconnect...' ]
2024-10-31T20:04:17.011Z: [ 'WebSocket closed, attempting to reconnect...' ]
2024-10-31T20:04:22.280Z: [ 'WebSocket closed, attempting to reconnect...' ]
2024-10-31T20:04:27.564Z: [ 'WebSocket closed, attempting to reconnect...' ]
2024-10-31T20:04:32.816Z: [ 'WebSocket closed, attempting to reconnect...' ]
2024-10-31T20:04:38.075Z: [ 'WebSocket closed, attempting to reconnect...' ]
2024-10-31T20:04:43.556Z: [ 'WebSocket closed, attempting to reconnect...' ]
2024-10-31T20:04:49.039Z: [ 'WebSocket closed, attempting to reconnect...' ]
2024-10-31T20:04:54.526Z: [ 'WebSocket closed, attempting to reconnect...' ]
2024-10-31T20:04:59.789Z: [ 'WebSocket closed, attempting to reconnect...' ]
2024-10-31T20:05:05.060Z: [ 'WebSocket closed, attempting to reconnect...' ]
2024-10-31T20:05:10.567Z: [ 'WebSocket closed, attempting to reconnect...' ]
2024-10-31T20:05:15.841Z: [ 'WebSocket closed, attempting to reconnect...' ]
2024-10-31T20:05:21.127Z: [ 'WebSocket closed, attempting to reconnect...' ]
2024-10-31T20:05:26.600Z: [ 'WebSocket closed, attempting to reconnect...' ]
2024-10-31T20:05:31.870Z: [ 'WebSocket closed, attempting to reconnect...' ]
2024-10-31T20:05:37.149Z: [ 'WebSocket closed, attempting to reconnect...' ]
2024-10-31T20:05:42.414Z: [ 'WebSocket closed, attempting to reconnect...' ]
2024-10-31T20:05:47.672Z: [ 'WebSocket closed, attempting to reconnect...' ]
2024-10-31T20:05:52.968Z: [ 'WebSocket closed, attempting to reconnect...' ]
2024-10-31T20:05:58.232Z: [ 'WebSocket closed, attempting to reconnect...' ]
2024-10-31T20:06:03.741Z: [ 'WebSocket closed, attempting to reconnect...' ]
2024-10-31T20:06:09.004Z: [ 'WebSocket closed, attempting to reconnect...' ]
2024-10-31T20:06:14.276Z: [ 'WebSocket closed, attempting to reconnect...' ]
2024-10-31T20:06:19.788Z: [ 'WebSocket closed, attempting to reconnect...' ]
2024-10-31T20:06:25.265Z: [ 'WebSocket closed, attempting to reconnect...' ]
2024-10-31T20:06:31.003Z: [ 'WebSocket closed, attempting to reconnect...' ]
2024-10-31T20:06:36.255Z: [ 'WebSocket closed, attempting to reconnect...' ]
2024-10-31T20:06:41.973Z: [ 'WebSocket closed, attempting to reconnect...' ]
2024-10-31T20:06:47.235Z: [ 'WebSocket closed, attempting to reconnect...' ]
2024-10-31T20:06:52.754Z: [ 'WebSocket closed, attempting to reconnect...' ]
2024-10-31T20:06:58.283Z: [ 'WebSocket closed, attempting to reconnect...' ]
2024-10-31T20:07:03.786Z: [ 'WebSocket closed, attempting to reconnect...' ]
2024-10-31T20:07:09.040Z: [ 'WebSocket closed, attempting to reconnect...' ]
2024-10-31T20:07:14.511Z: [ 'WebSocket closed, attempting to reconnect...' ]
2024-10-31T20:07:20.009Z: [ 'WebSocket closed, attempting to reconnect...' ]
2024-10-31T20:07:25.461Z: [ 'WebSocket closed, attempting to reconnect...' ]
2024-10-31T20:07:30.734Z: [ 'WebSocket closed, attempting to reconnect...' ]
2024-10-31T20:07:35.995Z: [ 'WebSocket closed, attempting to reconnect...' ]
2024-10-31T20:07:41.457Z: [ 'WebSocket closed, attempting to reconnect...' ]
2024-10-31T20:07:46.719Z: [ 'WebSocket closed, attempting to reconnect...' ]
2024-10-31T20:07:51.991Z: [ 'WebSocket closed, attempting to reconnect...' ]
2024-10-31T20:07:57.451Z: [ 'WebSocket closed, attempting to reconnect...' ]
2024-10-31T20:08:02.705Z: [ 'WebSocket closed, attempting to reconnect...' ]
2024-10-31T20:08:07.958Z: [ 'WebSocket closed, attempting to reconnect...' ]
2024-10-31T20:08:13.219Z: [ 'WebSocket closed, attempting to reconnect...' ]
2024-10-31T20:08:18.483Z: [ 'WebSocket closed, attempting to reconnect...' ]
2024-10-31T20:08:23.982Z: [ 'WebSocket closed, attempting to reconnect...' ]
2024-10-31T20:08:29.443Z: [ 'WebSocket closed, attempting to reconnect...' ]
2024-10-31T20:08:35.154Z: [ 'WebSocket closed, attempting to reconnect...' ]
2024-10-31T20:08:40.721Z: [ 'WebSocket closed, attempting to reconnect...' ]
2024-10-31T20:08:46.222Z: [ 'WebSocket closed, attempting to reconnect...' ]
2024-10-31T20:08:51.476Z: [ 'WebSocket closed, attempting to reconnect...' ]
2024-10-31T20:08:56.739Z: [ 'WebSocket closed, attempting to reconnect...' ]
2024-10-31T20:09:02.465Z: [ 'WebSocket closed, attempting to reconnect...' ]
2024-10-31T20:09:07.940Z: [ 'WebSocket closed, attempting to reconnect...' ]
2024-10-31T20:09:13.429Z: [ 'WebSocket closed, attempting to reconnect...' ]
2024-10-31T20:09:18.700Z: [ 'WebSocket closed, attempting to reconnect...' ]
2024-10-31T20:09:23.960Z: [ 'WebSocket closed, attempting to reconnect...' ]
2024-10-31T20:09:29.250Z: [ 'WebSocket closed, attempting to reconnect...' ]
2024-10-31T20:09:34.497Z: [ 'WebSocket closed, attempting to reconnect...' ]
2024-10-31T20:09:39.755Z: [ 'WebSocket closed, attempting to reconnect...' ]
2024-10-31T20:09:45.010Z: [ 'WebSocket closed, attempting to reconnect...' ]
2024-10-31T20:09:50.473Z: [ 'WebSocket closed, attempting to reconnect...' ]
2024-10-31T20:09:55.747Z: [ 'WebSocket closed, attempting to reconnect...' ]
2024-10-31T20:10:01.010Z: [ 'WebSocket closed, attempting to reconnect...' ]
2024-10-31T20:10:06.507Z: [ 'WebSocket closed, attempting to reconnect...' ]
2024-10-31T20:10:12.005Z: [ 'WebSocket closed, attempting to reconnect...' ]
2024-10-31T20:10:17.287Z: [ 'WebSocket closed, attempting to reconnect...' ]
2024-10-31T20:10:22.549Z: [ 'WebSocket closed, attempting to reconnect...' ]
2024-10-31T20:10:27.825Z: [ 'WebSocket closed, attempting to reconnect...' ]
2024-10-31T20:10:33.111Z: [ 'WebSocket closed, attempting to reconnect...' ]
2024-10-31T20:10:38.387Z: [ 'WebSocket closed, attempting to reconnect...' ]
2024-10-31T20:10:43.664Z: [ 'WebSocket closed, attempting to reconnect...' ]
2024-10-31T20:10:49.130Z: [ 'WebSocket closed, attempting to reconnect...' ]
2024-10-31T20:10:54.404Z: [ 'WebSocket closed, attempting to reconnect...' ]
2024-10-31T20:10:59.692Z: [ 'WebSocket closed, attempting to reconnect...' ]
2024-10-31T20:11:04.974Z: [ 'WebSocket closed, attempting to reconnect...' ]
2024-10-31T20:11:10.231Z: [ 'WebSocket closed, attempting to reconnect...' ]
2024-10-31T20:11:15.681Z: [ 'WebSocket closed, attempting to reconnect...' ]
2024-10-31T20:11:21.138Z: [ 'WebSocket closed, attempting to reconnect...' ]
2024-10-31T20:11:26.592Z: [ 'WebSocket closed, attempting to reconnect...' ]
2024-10-31T20:11:31.854Z: [ 'WebSocket closed, attempting to reconnect...' ]
2024-10-31T20:11:37.112Z: [ 'WebSocket closed, attempting to reconnect...' ]
2024-10-31T20:11:42.567Z: [ 'WebSocket closed, attempting to reconnect...' ]
2024-10-31T20:11:48.093Z: [ 'WebSocket closed, attempting to reconnect...' ]
2024-10-31T20:11:53.589Z: [ 'WebSocket closed, attempting to reconnect...' ]
2024-10-31T20:11:58.861Z: [ 'WebSocket closed, attempting to reconnect...' ]
2024-10-31T20:12:04.580Z: [ 'WebSocket closed, attempting to reconnect...' ]
2024-10-31T20:12:09.843Z: [ 'WebSocket closed, attempting to reconnect...' ]
2024-10-31T20:12:15.380Z: [ 'WebSocket closed, attempting to reconnect...' ]
2024-10-31T20:12:20.631Z: [ 'WebSocket closed, attempting to reconnect...' ]
2024-10-31T20:12:26.111Z: [ 'WebSocket closed, attempting to reconnect...' ]
2024-10-31T20:12:31.365Z: [ 'WebSocket closed, attempting to reconnect...' ]
2024-10-31T20:12:36.639Z: [ 'WebSocket closed, attempting to reconnect...' ]
2024-10-31T20:12:41.898Z: [ 'WebSocket closed, attempting to reconnect...' ]
2024-10-31T20:12:47.346Z: [ 'WebSocket closed, attempting to reconnect...' ]
2024-10-31T20:12:52.833Z: [ 'WebSocket closed, attempting to reconnect...' ]
2024-10-31T20:12:58.354Z: [ 'WebSocket closed, attempting to reconnect...' ]
2024-10-31T20:13:03.606Z: [ 'WebSocket closed, attempting to reconnect...' ]
2024-10-31T20:13:09.074Z: [ 'WebSocket closed, attempting to reconnect...' ]
2024-10-31T20:13:14.335Z: [ 'WebSocket closed, attempting to reconnect...' ]
2024-10-31T20:13:19.591Z: [ 'WebSocket closed, attempting to reconnect...' ]
2024-10-31T20:13:24.905Z: [ 'WebSocket closed, attempting to reconnect...' ]
2024-10-31T20:13:30.397Z: [ 'WebSocket closed, attempting to reconnect...' ]
2024-10-31T20:13:35.896Z: [ 'WebSocket closed, attempting to reconnect...' ]
2024-10-31T20:13:41.157Z: [ 'WebSocket closed, attempting to reconnect...' ]
2024-10-31T20:13:46.634Z: [ 'WebSocket closed, attempting to reconnect...' ]
2024-10-31T20:13:52.118Z: [ 'WebSocket closed, attempting to reconnect...' ]
2024-10-31T20:13:57.376Z: [ 'WebSocket closed, attempting to reconnect...' ]
2024-10-31T20:14:02.637Z: [ 'WebSocket closed, attempting to reconnect...' ]
2024-10-31T20:14:08.103Z: [ 'WebSocket closed, attempting to reconnect...' ]
2024-10-31T20:14:13.364Z: [ 'WebSocket closed, attempting to reconnect...' ]
2024-10-31T20:14:18.616Z: [ 'WebSocket closed, attempting to reconnect...' ]
2024-10-31T20:14:23.879Z: [ 'WebSocket closed, attempting to reconnect...' ]
2024-10-31T20:14:29.139Z: [ 'WebSocket closed, attempting to reconnect...' ]
2024-10-31T20:14:34.406Z: [ 'WebSocket closed, attempting to reconnect...' ]
2024-10-31T20:14:39.861Z: [ 'WebSocket closed, attempting to reconnect...' ]
2024-10-31T20:14:45.132Z: [ 'WebSocket closed, attempting to reconnect...' ]
2024-10-31T20:14:50.397Z: [ 'WebSocket closed, attempting to reconnect...' ]
2024-10-31T20:14:55.654Z: [ 'WebSocket closed, attempting to reconnect...' ]
2024-10-31T20:15:00.910Z: [ 'WebSocket closed, attempting to reconnect...' ]
2024-10-31T20:15:06.372Z: [ 'WebSocket closed, attempting to reconnect...' ]
2024-10-31T20:15:12.105Z: [ 'WebSocket closed, attempting to reconnect...' ]
2024-10-31T20:15:17.371Z: [ 'WebSocket closed, attempting to reconnect...' ]
2024-10-31T20:15:22.843Z: [ 'WebSocket closed, attempting to reconnect...' ]
2024-10-31T20:15:28.116Z: [ 'WebSocket closed, attempting to reconnect...' ]
2024-10-31T20:15:33.376Z: [ 'WebSocket closed, attempting to reconnect...' ]
2024-10-31T20:15:38.814Z: [ 'WebSocket closed, attempting to reconnect...' ]
2024-10-31T20:15:44.099Z: [ 'WebSocket closed, attempting to reconnect...' ]
2024-10-31T20:15:49.347Z: [ 'WebSocket closed, attempting to reconnect...' ]
2024-10-31T20:15:54.610Z: [ 'WebSocket closed, attempting to reconnect...' ]
2024-10-31T20:15:59.881Z: [ 'WebSocket closed, attempting to reconnect...' ]
2024-10-31T20:16:05.157Z: [ 'WebSocket closed, attempting to reconnect...' ]
2024-10-31T20:16:10.413Z: [ 'WebSocket closed, attempting to reconnect...' ]
2024-10-31T20:16:15.669Z: [ 'WebSocket closed, attempting to reconnect...' ]
2024-10-31T20:16:20.941Z: [ 'WebSocket closed, attempting to reconnect...' ]
2024-10-31T20:16:26.197Z: [ 'WebSocket closed, attempting to reconnect...' ]
2024-10-31T20:16:31.467Z: [ 'WebSocket closed, attempting to reconnect...' ]
2024-10-31T20:16:36.719Z: [ 'WebSocket closed, attempting to reconnect...' ]
2024-10-31T20:16:42.255Z: [ 'WebSocket closed, attempting to reconnect...' ]
2024-10-31T20:16:47.732Z: [ 'WebSocket closed, attempting to reconnect...' ]
2024-10-31T20:16:52.998Z: [ 'WebSocket closed, attempting to reconnect...' ]
2024-10-31T20:16:58.255Z: [ 'WebSocket closed, attempting to reconnect...' ]
2024-10-31T20:17:03.508Z: [ 'WebSocket closed, attempting to reconnect...' ]
2024-10-31T20:17:08.778Z: [ 'WebSocket closed, attempting to reconnect...' ]
2024-10-31T20:17:14.038Z: [ 'WebSocket closed, attempting to reconnect...' ]
2024-10-31T20:17:19.292Z: [ 'WebSocket closed, attempting to reconnect...' ]
2024-10-31T20:17:24.551Z: [ 'WebSocket closed, attempting to reconnect...' ]
2024-10-31T20:17:29.824Z: [ 'WebSocket closed, attempting to reconnect...' ]
2024-10-31T20:17:35.091Z: [ 'WebSocket closed, attempting to reconnect...' ]
2024-10-31T20:17:40.354Z: [ 'WebSocket closed, attempting to reconnect...' ]
2024-10-31T20:17:45.628Z: [ 'WebSocket closed, attempting to reconnect...' ]
2024-10-31T20:17:50.888Z: [ 'WebSocket closed, attempting to reconnect...' ]
2024-10-31T20:17:56.199Z: [ 'WebSocket closed, attempting to reconnect...' ]
2024-10-31T20:18:01.454Z: [ 'WebSocket closed, attempting to reconnect...' ]
2024-10-31T20:18:06.711Z: [ 'WebSocket closed, attempting to reconnect...' ]
2024-10-31T20:18:11.990Z: [ 'WebSocket closed, attempting to reconnect...' ]
2024-10-31T20:18:17.441Z: [ 'WebSocket closed, attempting to reconnect...' ]
2024-10-31T20:18:23.159Z: [ 'WebSocket closed, attempting to reconnect...' ]
2024-10-31T20:18:28.420Z: [ 'WebSocket closed, attempting to reconnect...' ]
2024-10-31T20:18:33.682Z: [ 'WebSocket closed, attempting to reconnect...' ]
2024-10-31T20:18:39.411Z: [ 'WebSocket closed, attempting to reconnect...' ]
2024-10-31T20:18:44.675Z: [ 'WebSocket closed, attempting to reconnect...' ]
2024-10-31T20:18:49.953Z: [ 'WebSocket closed, attempting to reconnect...' ]
2024-10-31T20:18:55.487Z: [ 'WebSocket closed, attempting to reconnect...' ]
2024-10-31T20:19:00.925Z: [ 'WebSocket closed, attempting to reconnect...' ]
2024-10-31T20:19:06.192Z: [ 'WebSocket closed, attempting to reconnect...' ]
2024-10-31T20:19:11.505Z: [ 'WebSocket closed, attempting to reconnect...' ]
2024-10-31T20:19:16.960Z: [ 'WebSocket closed, attempting to reconnect...' ]
2024-10-31T20:19:22.212Z: [ 'WebSocket closed, attempting to reconnect...' ]
2024-10-31T20:19:27.468Z: [ 'WebSocket closed, attempting to reconnect...' ]
2024-10-31T20:19:32.754Z: [ 'WebSocket closed, attempting to reconnect...' ]
2024-10-31T20:19:38.287Z: [ 'WebSocket closed, attempting to reconnect...' ]
2024-10-31T20:19:43.549Z: [ 'WebSocket closed, attempting to reconnect...' ]
2024-10-31T20:19:48.799Z: [ 'WebSocket closed, attempting to reconnect...' ]
2024-10-31T20:19:54.053Z: [ 'WebSocket closed, attempting to reconnect...' ]
2024-10-31T20:19:59.302Z: [ 'WebSocket closed, attempting to reconnect...' ]
2024-10-31T20:20:04.567Z: [ 'WebSocket closed, attempting to reconnect...' ]
2024-10-31T20:20:09.837Z: [ 'WebSocket closed, attempting to reconnect...' ]
2024-10-31T20:20:15.286Z: [ 'WebSocket closed, attempting to reconnect...' ]
2024-10-31T20:20:20.544Z: [ 'WebSocket closed, attempting to reconnect...' ]
2024-10-31T20:20:25.810Z: [ 'WebSocket closed, attempting to reconnect...' ]
2024-10-31T20:20:31.067Z: [ 'WebSocket closed, attempting to reconnect...' ]
2024-10-31T20:20:36.589Z: [ 'WebSocket closed, attempting to reconnect...' ]
2024-10-31T20:20:41.852Z: [ 'WebSocket closed, attempting to reconnect...' ]
2024-10-31T20:20:47.336Z: [ 'WebSocket closed, attempting to reconnect...' ]
2024-10-31T20:20:52.781Z: [ 'WebSocket closed, attempting to reconnect...' ]
2024-10-31T20:20:58.044Z: [ 'WebSocket closed, attempting to reconnect...' ]
2024-10-31T20:21:03.325Z: [ 'WebSocket closed, attempting to reconnect...' ]
2024-10-31T20:21:08.871Z: [ 'WebSocket closed, attempting to reconnect...' ]
2024-10-31T20:21:14.128Z: [ 'WebSocket closed, attempting to reconnect...' ]
2024-10-31T20:21:19.382Z: [ 'WebSocket closed, attempting to reconnect...' ]
2024-10-31T20:21:24.713Z: [ 'WebSocket closed, attempting to reconnect...' ]
2024-10-31T20:21:29.972Z: [ 'WebSocket closed, attempting to reconnect...' ]
2024-10-31T20:21:35.229Z: [ 'WebSocket closed, attempting to reconnect...' ]
2024-10-31T20:21:40.480Z: [ 'WebSocket closed, attempting to reconnect...' ]
2024-10-31T20:21:45.736Z: [ 'WebSocket closed, attempting to reconnect...' ]
2024-10-31T20:21:51.012Z: [ 'WebSocket closed, attempting to reconnect...' ]
2024-10-31T20:21:56.470Z: [ 'WebSocket closed, attempting to reconnect...' ]
2024-10-31T20:22:01.733Z: [ 'WebSocket closed, attempting to reconnect...' ]
2024-10-31T20:22:06.989Z: [ 'WebSocket closed, attempting to reconnect...' ]
2024-10-31T20:22:12.250Z: [ 'WebSocket closed, attempting to reconnect...' ]
2024-10-31T20:22:17.732Z: [ 'WebSocket closed, attempting to reconnect...' ]
2024-10-31T20:22:22.990Z: [ 'WebSocket closed, attempting to reconnect...' ]
2024-10-31T20:22:28.247Z: [ 'WebSocket closed, attempting to reconnect...' ]
2024-10-31T20:22:33.512Z: [ 'WebSocket closed, attempting to reconnect...' ]
2024-10-31T20:22:38.978Z: [ 'WebSocket closed, attempting to reconnect...' ]
2024-10-31T20:22:44.426Z: [ 'WebSocket closed, attempting to reconnect...' ]
2024-10-31T20:22:49.700Z: [ 'WebSocket closed, attempting to reconnect...' ]
2024-10-31T20:22:55.166Z: [ 'WebSocket closed, attempting to reconnect...' ]
2024-10-31T20:23:00.434Z: [ 'WebSocket closed, attempting to reconnect...' ]
2024-10-31T20:23:05.696Z: [ 'WebSocket closed, attempting to reconnect...' ]
2024-10-31T20:23:11.165Z: [ 'WebSocket closed, attempting to reconnect...' ]
2024-10-31T20:23:16.429Z: [ 'WebSocket closed, attempting to reconnect...' ]
2024-10-31T20:23:21.937Z: [ 'WebSocket closed, attempting to reconnect...' ]
2024-10-31T20:23:27.199Z: [ 'WebSocket closed, attempting to reconnect...' ]
2024-10-31T20:23:32.457Z: [ 'WebSocket closed, attempting to reconnect...' ]
2024-10-31T20:23:37.916Z: [ 'WebSocket closed, attempting to reconnect...' ]
2024-10-31T20:23:43.182Z: [ 'WebSocket closed, attempting to reconnect...' ]
2024-10-31T20:23:48.446Z: [ 'WebSocket closed, attempting to reconnect...' ]
2024-10-31T20:23:53.698Z: [ 'WebSocket closed, attempting to reconnect...' ]
2024-10-31T20:23:58.952Z: [ 'WebSocket closed, attempting to reconnect...' ]
2024-10-31T20:24:04.243Z: [ 'WebSocket closed, attempting to reconnect...' ]
2024-10-31T20:24:09.516Z: [ 'WebSocket closed, attempting to reconnect...' ]
2024-10-31T20:24:14.772Z: [ 'WebSocket closed, attempting to reconnect...' ]
2024-10-31T20:24:20.233Z: [ 'WebSocket closed, attempting to reconnect...' ]
2024-10-31T20:24:25.511Z: [ 'WebSocket closed, attempting to reconnect...' ]
2024-10-31T20:24:30.959Z: [ 'WebSocket closed, attempting to reconnect...' ]
2024-10-31T20:24:36.220Z: [ 'WebSocket closed, attempting to reconnect...' ]
2024-10-31T20:24:41.485Z: [ 'WebSocket closed, attempting to reconnect...' ]
2024-10-31T20:24:46.956Z: [ 'WebSocket closed, attempting to reconnect...' ]
2024-10-31T20:24:52.203Z: [ 'WebSocket closed, attempting to reconnect...' ]
2024-10-31T20:24:57.486Z: [ 'WebSocket closed, attempting to reconnect...' ]
2024-10-31T20:25:02.737Z: [ 'WebSocket closed, attempting to reconnect...' ]
2024-10-31T20:25:08.255Z: [ 'WebSocket closed, attempting to reconnect...' ]
2024-10-31T20:25:13.506Z: [ 'WebSocket closed, attempting to reconnect...' ]
2024-10-31T20:25:18.979Z: [ 'WebSocket closed, attempting to reconnect...' ]
2024-10-31T20:25:24.248Z: [ 'WebSocket closed, attempting to reconnect...' ]
2024-10-31T20:25:29.521Z: [ 'WebSocket closed, attempting to reconnect...' ]
2024-10-31T20:25:34.985Z: [ 'WebSocket closed, attempting to reconnect...' ]
2024-10-31T20:25:40.263Z: [ 'WebSocket closed, attempting to reconnect...' ]
2024-10-31T20:25:45.520Z: [ 'WebSocket closed, attempting to reconnect...' ]
2024-10-31T20:25:50.778Z: [ 'WebSocket closed, attempting to reconnect...' ]
2024-10-31T20:25:56.056Z: [ 'WebSocket closed, attempting to reconnect...' ]
2024-10-31T20:26:01.311Z: [ 'WebSocket closed, attempting to reconnect...' ]
2024-10-31T20:26:06.770Z: [ 'WebSocket closed, attempting to reconnect...' ]
2024-10-31T20:26:12.042Z: [ 'WebSocket closed, attempting to reconnect...' ]
2024-10-31T20:26:17.518Z: [ 'WebSocket closed, attempting to reconnect...' ]
2024-10-31T20:26:22.774Z: [ 'WebSocket closed, attempting to reconnect...' ]
2024-10-31T20:26:28.244Z: [ 'WebSocket closed, attempting to reconnect...' ]
2024-10-31T20:26:33.508Z: [ 'WebSocket closed, attempting to reconnect...' ]
2024-10-31T20:26:38.774Z: [ 'WebSocket closed, attempting to reconnect...' ]
2024-10-31T20:26:44.277Z: [ 'WebSocket closed, attempting to reconnect...' ]
2024-10-31T20:26:49.530Z: [ 'WebSocket closed, attempting to reconnect...' ]
2024-10-31T20:26:54.800Z: [ 'WebSocket closed, attempting to reconnect...' ]
2024-10-31T20:27:00.058Z: [ 'WebSocket closed, attempting to reconnect...' ]
2024-10-31T20:27:05.311Z: [ 'WebSocket closed, attempting to reconnect...' ]
2024-10-31T20:27:10.568Z: [ 'WebSocket closed, attempting to reconnect...' ]
2024-10-31T20:27:16.094Z: [ 'WebSocket closed, attempting to reconnect...' ]
2024-10-31T20:27:21.550Z: [ 'WebSocket closed, attempting to reconnect...' ]
2024-10-31T20:27:26.833Z: [ 'WebSocket closed, attempting to reconnect...' ]
2024-10-31T20:27:32.360Z: [ 'WebSocket closed, attempting to reconnect...' ]
2024-10-31T20:27:37.643Z: [ 'WebSocket closed, attempting to reconnect...' ]
2024-10-31T20:27:43.162Z: [ 'WebSocket closed, attempting to reconnect...' ]
2024-10-31T20:27:48.441Z: [ 'WebSocket closed, attempting to reconnect...' ]
2024-10-31T20:27:53.707Z: [ 'WebSocket closed, attempting to reconnect...' ]
2024-10-31T20:27:58.979Z: [ 'WebSocket closed, attempting to reconnect...' ]
2024-10-31T20:28:04.238Z: [ 'WebSocket closed, attempting to reconnect...' ]
2024-10-31T20:28:09.507Z: [ 'WebSocket closed, attempting to reconnect...' ]
2024-10-31T20:28:14.763Z: [ 'WebSocket closed, attempting to reconnect...' ]
2024-10-31T20:28:20.222Z: [ 'WebSocket closed, attempting to reconnect...' ]
2024-10-31T20:28:25.684Z: [ 'WebSocket closed, attempting to reconnect...' ]
2024-10-31T20:28:30.944Z: [ 'WebSocket closed, attempting to reconnect...' ]
2024-10-31T20:28:36.666Z: [ 'WebSocket closed, attempting to reconnect...' ]
2024-10-31T20:28:41.933Z: [ 'WebSocket closed, attempting to reconnect...' ]
2024-10-31T20:28:47.440Z: [ 'WebSocket closed, attempting to reconnect...' ]
2024-10-31T20:28:52.698Z: [ 'WebSocket closed, attempting to reconnect...' ]
2024-10-31T20:28:57.985Z: [ 'WebSocket closed, attempting to reconnect...' ]
2024-10-31T20:29:03.237Z: [ 'WebSocket closed, attempting to reconnect...' ]
2024-10-31T20:29:08.501Z: [ 'WebSocket closed, attempting to reconnect...' ]
2024-10-31T20:29:13.757Z: [ 'WebSocket closed, attempting to reconnect...' ]
2024-10-31T20:29:19.027Z: [ 'WebSocket closed, attempting to reconnect...' ]
2024-10-31T20:29:24.530Z: [ 'WebSocket closed, attempting to reconnect...' ]
2024-10-31T20:29:29.804Z: [ 'WebSocket closed, attempting to reconnect...' ]
2024-10-31T20:29:35.064Z: [ 'WebSocket closed, attempting to reconnect...' ]
2024-10-31T20:29:40.324Z: [ 'WebSocket closed, attempting to reconnect...' ]
2024-10-31T20:29:45.841Z: [ 'WebSocket closed, attempting to reconnect...' ]
2024-10-31T20:29:51.121Z: [ 'WebSocket closed, attempting to reconnect...' ]
2024-10-31T20:29:56.651Z: [ 'WebSocket closed, attempting to reconnect...' ]
2024-10-31T20:30:02.141Z: [ 'WebSocket closed, attempting to reconnect...' ]
2024-10-31T20:30:07.422Z: [ 'WebSocket closed, attempting to reconnect...' ]
2024-10-31T20:30:12.699Z: [ 'WebSocket closed, attempting to reconnect...' ]
2024-10-31T20:30:17.972Z: [ 'WebSocket closed, attempting to reconnect...' ]
2024-10-31T20:30:23.250Z: [ 'WebSocket closed, attempting to reconnect...' ]
2024-10-31T20:30:28.509Z: [ 'WebSocket closed, attempting to reconnect...' ]
2024-10-31T20:30:33.788Z: [ 'WebSocket closed, attempting to reconnect...' ]
2024-10-31T20:30:39.041Z: [ 'WebSocket closed, attempting to reconnect...' ]
2024-10-31T20:30:44.313Z: [ 'WebSocket closed, attempting to reconnect...' ]
2024-10-31T20:30:49.564Z: [ 'WebSocket closed, attempting to reconnect...' ]
2024-10-31T20:30:55.096Z: [ 'WebSocket closed, attempting to reconnect...' ]
2024-10-31T20:31:00.353Z: [ 'WebSocket closed, attempting to reconnect...' ]
2024-10-31T20:31:05.604Z: [ 'WebSocket closed, attempting to reconnect...' ]
2024-10-31T20:31:10.982Z: [ 'WebSocket closed, attempting to reconnect...' ]
2024-10-31T20:31:16.494Z: [ 'WebSocket closed, attempting to reconnect...' ]
2024-10-31T20:31:21.747Z: [ 'WebSocket closed, attempting to reconnect...' ]
2024-10-31T20:31:27.209Z: [ 'WebSocket closed, attempting to reconnect...' ]
2024-10-31T20:31:32.715Z: [ 'WebSocket closed, attempting to reconnect...' ]
2024-10-31T20:31:38.167Z: [ 'WebSocket closed, attempting to reconnect...' ]
2024-10-31T20:31:43.422Z: [ 'WebSocket closed, attempting to reconnect...' ]
2024-10-31T20:31:48.724Z: [ 'WebSocket closed, attempting to reconnect...' ]
2024-10-31T20:31:53.985Z: [ 'WebSocket closed, attempting to reconnect...' ]
2024-10-31T20:31:59.248Z: [ 'WebSocket closed, attempting to reconnect...' ]
2024-10-31T20:32:04.706Z: [ 'WebSocket closed, attempting to reconnect...' ]
2024-10-31T20:32:10.169Z: [ 'WebSocket closed, attempting to reconnect...' ]
2024-10-31T20:32:15.426Z: [ 'WebSocket closed, attempting to reconnect...' ]
2024-10-31T20:32:20.704Z: [ 'WebSocket closed, attempting to reconnect...' ]
2024-10-31T20:32:26.237Z: [ 'WebSocket closed, attempting to reconnect...' ]
2024-10-31T20:32:31.498Z: [ 'WebSocket closed, attempting to reconnect...' ]
2024-10-31T20:32:37.015Z: [ 'WebSocket closed, attempting to reconnect...' ]
2024-10-31T20:32:42.274Z: [ 'WebSocket closed, attempting to reconnect...' ]
2024-10-31T20:32:47.525Z: [ 'WebSocket closed, attempting to reconnect...' ]
2024-10-31T20:32:52.992Z: [ 'WebSocket closed, attempting to reconnect...' ]
2024-10-31T20:32:58.268Z: [ 'WebSocket closed, attempting to reconnect...' ]
2024-10-31T20:33:03.785Z: [ 'WebSocket closed, attempting to reconnect...' ]
2024-10-31T20:33:09.064Z: [ 'WebSocket closed, attempting to reconnect...' ]
2024-10-31T20:33:14.321Z: [ 'WebSocket closed, attempting to reconnect...' ]
2024-10-31T20:33:19.577Z: [ 'WebSocket closed, attempting to reconnect...' ]
2024-10-31T20:33:24.844Z: [ 'WebSocket closed, attempting to reconnect...' ]
2024-10-31T20:33:30.127Z: [ 'WebSocket closed, attempting to reconnect...' ]
2024-10-31T20:33:35.389Z: [ 'WebSocket closed, attempting to reconnect...' ]
2024-10-31T20:33:40.647Z: [ 'WebSocket closed, attempting to reconnect...' ]
2024-10-31T20:33:46.105Z: [ 'WebSocket closed, attempting to reconnect...' ]
2024-10-31T20:33:51.369Z: [ 'WebSocket closed, attempting to reconnect...' ]
2024-10-31T20:33:56.641Z: [ 'WebSocket closed, attempting to reconnect...' ]
2024-10-31T20:34:01.916Z: [ 'WebSocket closed, attempting to reconnect...' ]
2024-10-31T20:34:07.174Z: [ 'WebSocket closed, attempting to reconnect...' ]
2024-10-31T20:34:12.434Z: [ 'WebSocket closed, attempting to reconnect...' ]
2024-10-31T20:34:17.715Z: [ 'WebSocket closed, attempting to reconnect...' ]
2024-10-31T20:34:22.977Z: [ 'WebSocket closed, attempting to reconnect...' ]
2024-10-31T20:34:28.270Z: [ 'WebSocket closed, attempting to reconnect...' ]
2024-10-31T20:34:33.538Z: [ 'WebSocket closed, attempting to reconnect...' ]
2024-10-31T20:34:38.795Z: [ 'WebSocket closed, attempting to reconnect...' ]
2024-10-31T20:34:44.054Z: [ 'WebSocket closed, attempting to reconnect...' ]
2024-10-31T20:34:49.566Z: [ 'WebSocket closed, attempting to reconnect...' ]
2024-10-31T20:34:54.827Z: [ 'WebSocket closed, attempting to reconnect...' ]
2024-10-31T20:35:00.095Z: [ 'WebSocket closed, attempting to reconnect...' ]
2024-10-31T20:35:05.358Z: [ 'WebSocket closed, attempting to reconnect...' ]
2024-10-31T20:35:10.652Z: [ 'WebSocket closed, attempting to reconnect...' ]
2024-10-31T20:35:15.924Z: [ 'WebSocket closed, attempting to reconnect...' ]
2024-10-31T20:35:21.382Z: [ 'WebSocket closed, attempting to reconnect...' ]
2024-10-31T20:35:26.647Z: [ 'WebSocket closed, attempting to reconnect...' ]
2024-10-31T20:35:31.902Z: [ 'WebSocket closed, attempting to reconnect...' ]
2024-10-31T20:35:37.377Z: [ 'WebSocket closed, attempting to reconnect...' ]
2024-10-31T20:35:42.889Z: [ 'WebSocket closed, attempting to reconnect...' ]
2024-10-31T20:35:48.146Z: [ 'WebSocket closed, attempting to reconnect...' ]
2024-10-31T20:35:53.414Z: [ 'WebSocket closed, attempting to reconnect...' ]
2024-10-31T20:35:58.675Z: [ 'WebSocket closed, attempting to reconnect...' ]
2024-10-31T20:36:03.930Z: [ 'WebSocket closed, attempting to reconnect...' ]
